**********************
Windows PowerShell transcript start
Start time: 20250702110120
Username: ASCENDION\gayathri.thalapathi
RunAs User: ASCENDION\gayathri.thalapathi
Configuration Name: 
Machine: ASCINLAP61373 (Microsoft Windows NT 10.0.26100.0)
Host Application: C:\Windows\System32\WindowsPowerShell\v1.0\powershell.exe
Process ID: 3240
PSVersion: 5.1.26100.4202
PSEdition: Desktop
PSCompatibleVersions: 1.0, 2.0, 3.0, 4.0, 5.0, 5.1.26100.4202
BuildVersion: 10.0.26100.4202
CLRVersion: 4.0.30319.42000
WSManStackVersion: 3.0
PSRemotingProtocolVersion: 2.3
SerializationVersion: 1.1.0.1
**********************
Transcript started, output file is C:\Users\gayathri.thalapathi\OneDrive - ascendion\Training\Gayathri.txt
PS C:\Users\gayathri.thalapathi> New-Item -path "C:\Users\gayathri.thalapathi\OneDrive - ascendion\Training\Gayathri.txt" -Name ‘QA-Training’ -ItemType Directory
New-Item : Cannot create "C:\Users\gayathri.thalapathi\OneDrive - ascendion\Training\Gayathri.txt" because a file or 
directory with the same name already exists.
At line:1 char:1
+ New-Item -path "C:\Users\gayathri.thalapathi\OneDrive - ascendion\Tra ...
+ ~~~~~~~~~~~~~~~~~~~~~~~~~~~~~~~~~~~~~~~~~~~~~~~~~~~~~~~~~~~~~~~~~~~~~
    + CategoryInfo          : WriteError: (C:\Users\gayath...txt\QA-Training:String) [New-Item], IOException
    + FullyQualifiedErrorId : CreateDirectoryIOError,Microsoft.PowerShell.Commands.NewItemCommand
New-Item : Cannot create
"C:\Users\gayathri.thalapathi\OneDrive -
ascendion\Training\Gayathri.txt" because a file or directory
with the same name already exists.
At line:1 char:1
+ New-Item -path "C:\Users\gayathri.thalapathi\OneDrive -
ascendion\Tra ...
+ ~~~~~~~~~~~~~~~~~~~~~~~~~~~~~~~~~~~~~~~~~~~~~~~~~~~~~~~~~~~~~
~~~~~~~~
    + CategoryInfo          : WriteError: (C:\Users\gayath...t
   xt\QA-Training:String) [New-Item], IOException
    + FullyQualifiedErrorId : CreateDirectoryIOError,Microsoft
   .PowerShell.Commands.NewItemCommand

PS C:\Users\gayathri.thalapathi> New-Item -Path "C:\Users\gayathri.thalapathi\OneDrive - ascendion\Training" -Name ‘QA-Training’ -ItemType Directory


    Directory: C:\Users\gayathri.thalapathi\OneDrive -
    ascendion\Training


Mode                 LastWriteTime         Length Name
----                 -------------         ------ ----
d-----          7/2/2025  11:05 AM                QA-Training


PS C:\Users\gayathri.thalapathi> Set-Location "C:\Users\gayathri.thalapathi\OneDrive - ascendion\Training\QA-Training"
PS C:\Users\gayathri.thalapathi\OneDrive - ascendion\Training\QA-Training> Invoke-WebRequest -Uri https://github.com/git-for-windows/git/releases/download/v2.44.0.windows.1/Git-2.44.0-64-bit.exe -OutFile git-installer.exe
PS C:\Users\gayathri.thalapathi\OneDrive - ascendion\Training\QA-Training> git --version
git : The term 'git' is not recognized as the name of a cmdlet, function, script file, or operable program. Check the 
spelling of the name, or if a path was included, verify that the path is correct and try again.
At line:1 char:1
+ git --version
+ ~~~
    + CategoryInfo          : ObjectNotFound: (git:String) [], CommandNotFoundException
    + FullyQualifiedErrorId : CommandNotFoundException
git : The term 'git' is not recognized as the name of a
cmdlet, function, script file, or operable program. Check the
spelling of the name, or if a path was included, verify that
the path is correct and try again.
At line:1 char:1
+ git --version
+ ~~~
    + CategoryInfo          : ObjectNotFound: (git:String) [],
    CommandNotFoundException
    + FullyQualifiedErrorId : CommandNotFoundException

