**********************
Windows PowerShell transcript start
Start time: 20250702103912
Username: ASCENDION\jagadeeswar.arava
RunAs User: ASCENDION\jagadeeswar.arava
Configuration Name: 
Machine: ASCINLAP61364 (Microsoft Windows NT 10.0.26100.0)
Host Application: C:\Windows\System32\WindowsPowerShell\v1.0\powershell.exe
Process ID: 27076
PSVersion: 5.1.26100.4202
PSEdition: Desktop
PSCompatibleVersions: 1.0, 2.0, 3.0, 4.0, 5.0, 5.1.26100.4202
BuildVersion: 10.0.26100.4202
CLRVersion: 4.0.30319.42000
WSManStackVersion: 3.0
PSRemotingProtocolVersion: 2.3
SerializationVersion: 1.1.0.1
**********************
Transcript started, output file is jagadeeswar.txt
PS C:\Users\jagadeeswar.arava> New-Item -Path <path/to/workingfolder> -Name ‘QA-Training’ -ItemType Directory
At line:1 char:16
+ New-Item -Path <path/to/workingfolder> -Name ‘QA-Training’ -ItemType  ...
+                ~
The '<' operator is reserved for future use.
At line:1 char:16
+ New-Item -Path <path/to/workingfolder> -Name ‘QA-Training’ -ItemType  ...
+                ~
The '<' operator is reserved for future use.
    + CategoryInfo          : ParserError: (:) [], ParentContainsErrorRecordException
    + FullyQualifiedErrorId : RedirectionNotSupported

PS C:\Users\jagadeeswar.arava> New-Item -Path path/to/workingfolder -Name ‘QA-Training’ -ItemType Directory


    Directory: C:\Users\jagadeeswar.arava\path\to\workingfolder


Mode                 LastWriteTime         Length Name
----                 -------------         ------ ----
d-----        02-07-2025     10:40                QA-Training


PS C:\Users\jagadeeswar.arava> Set-Location path/to/workingfolder\QA-Training
PS C:\Users\jagadeeswar.arava\path\to\workingfolder\QA-Training> git --version
git : The term 'git' is not recognized as the name of a cmdlet, function, script file, or operable program. Check the 
spelling of the name, or if a path was included, verify that the path is correct and try again.
At line:1 char:1
+ git --version
+ ~~~
    + CategoryInfo          : ObjectNotFound: (git:String) [], CommandNotFoundException
    + FullyQualifiedErrorId : CommandNotFoundException
git : The term 'git' is not recognized as the name of a cmdlet, function, script file, or operable program. Check the
spelling of the name, or if a path was included, verify that the path is correct and try again.
At line:1 char:1
+ git --version
+ ~~~
    + CategoryInfo          : ObjectNotFound: (git:String) [], CommandNotFoundException
    + FullyQualifiedErrorId : CommandNotFoundException

PS C:\Users\jagadeeswar.arava\path\to\workingfolder\QA-Training> git --version
git : The term 'git' is not recognized as the name of a cmdlet, function, script file, or operable program. Check the 
spelling of the name, or if a path was included, verify that the path is correct and try again.
At line:1 char:1
+ git --version
+ ~~~
    + CategoryInfo          : ObjectNotFound: (git:String) [], CommandNotFoundException
    + FullyQualifiedErrorId : CommandNotFoundException
git : The term 'git' is not recognized as the name of a cmdlet, function, script file, or operable program. Check the
spelling of the name, or if a path was included, verify that the path is correct and try again.
At line:1 char:1
+ git --version
+ ~~~
    + CategoryInfo          : ObjectNotFound: (git:String) [], CommandNotFoundException
    + FullyQualifiedErrorId : CommandNotFoundException

PS C:\Users\jagadeeswar.arava\path\to\workingfolder\QA-Training> Invoke-WebRequest -Uri https://github.com/git-for-windows/git/releases/download/v2.44.0.windows.1/Git-2.44.0-64-bit.exe -OutFile git-installer.exe
PS C:\Users\jagadeeswar.arava\path\to\workingfolder\QA-Training> git --version
git : The term 'git' is not recognized as the name of a cmdlet, function, script file, or operable program. Check the 
spelling of the name, or if a path was included, verify that the path is correct and try again.
At line:1 char:1
+ git --version
+ ~~~
    + CategoryInfo          : ObjectNotFound: (git:String) [], CommandNotFoundException
    + FullyQualifiedErrorId : CommandNotFoundException
git : The term 'git' is not recognized as the name of a cmdlet, function, script file, or operable program. Check the
spelling of the name, or if a path was included, verify that the path is correct and try again.
At line:1 char:1
+ git --version
+ ~~~
    + CategoryInfo          : ObjectNotFound: (git:String) [], CommandNotFoundException
    + FullyQualifiedErrorId : CommandNotFoundException

