**********************
Windows PowerShell transcript start
Start time: 20250702120223
Username: ASCENDION\keyur.nagvekar
RunAs User: ASCENDION\keyur.nagvekar
Configuration Name: 
Machine: ASCINLAP61377 (Microsoft Windows NT 10.0.26100.0)
Host Application: C:\Windows\System32\WindowsPowerShell\v1.0\powershell.exe
Process ID: 22816
PSVersion: 5.1.26100.4202
PSEdition: Desktop
PSCompatibleVersions: 1.0, 2.0, 3.0, 4.0, 5.0, 5.1.26100.4202
BuildVersion: 10.0.26100.4202
CLRVersion: 4.0.30319.42000
WSManStackVersion: 3.0
PSRemotingProtocolVersion: 2.3
SerializationVersion: 1.1.0.1
**********************
Transcript started, output file is Keyur-branch.txt
PS C:\Users\keyur.nagvekar\OneDrive-ascendion\Desktop\automation-072025> git status
On branch Keyur-branch
Untracked files:
  (use "git add <file>..." to include in what will be committed)
        Keyur-branch.txt
        Keyur.txt

nothing added to commit but untracked files present (use "git add" to track)
PS C:\Users\keyur.nagvekar\OneDrive-ascendion\Desktop\automation-072025> git add .
warning: in the working copy of 'Keyur.txt', LF will be replaced by CRLF the next time Git touches it
PS C:\Users\keyur.nagvekar\OneDrive-ascendion\Desktop\automation-072025> git status
On branch Keyur-branch
Changes to be committed:
  (use "git restore --staged <file>..." to unstage)
        new file:   Keyur-branch.txt
        new file:   Keyur.txt

Changes not staged for commit:
  (use "git add <file>..." to update what will be committed)
  (use "git restore <file>..." to discard changes in working directory)
        modified:   Keyur-branch.txt
PS C:\Users\keyur.nagvekar\OneDrive-ascendion\Desktop\automation-072025> git commit -m “Adding first file to branch”
your configuration file:

    git config --global --edit

After doing this, you may fix the identity used for this commit with:

    git commit --amend --reset-author

 2 files changed, 63 insertions(+)
 create mode 100644 Keyur-branch.txt
 create mode 100644 Keyur.txt
PS C:\Users\keyur.nagvekar\OneDrive-ascendion\Desktop\automation-072025> git status

PS C:\Users\keyur.nagvekar\OneDrive-ascendion\Desktop\automation-072025> git push

PS C:\Users\keyur.nagvekar\OneDrive-ascendion\Desktop\automation-072025> git push --set-upstream origin Keyur-branch

PS C:\Users\keyur.nagvekar\OneDrive-ascendion\Desktop\automation-072025> git push --set-upstream origin Keyur-branch

PS C:\Users\keyur.nagvekar\OneDrive-ascendion\Desktop\automation-072025> git config http.sslVerify "false"

PS C:\Users\keyur.nagvekar\OneDrive-ascendion\Desktop\automation-072025> git -c http.sslVerify=false clone https://github.com/sureshnanjan/automation-072025.git

PS C:\Users\keyur.nagvekar\OneDrive-ascendion\Desktop\automation-072025> cd C:\Users\keyur.nagvekar\OneDrive-ascendion\Documents\QA-Training
cd : Cannot find path 'C:\Users\keyur.nagvekar\OneDrive-ascendion\Documents\QA-Training' because it does not exist.
At line:1 char:1
+ cd C:\Users\keyur.nagvekar\OneDrive-ascendion\Documents\QA-Training
+ ~~~~~~~~~~~~~~~~~~~~~~~~~~~~~~~~~~~~~~~~~~~~~~~~~~~~~~~~~~~~~~~~~~~
    + CategoryInfo          : ObjectNotFound: (C:\Users\keyur....nts\QA-Training:String) [Set-Location], 
ItemNotFoundException
    + FullyQualifiedErrorId : PathNotFound,Microsoft.PowerShell.Commands.SetLocationCommand
cd : Cannot find path 'C:\Users\keyur.nagvekar\OneDrive-ascendion\Documents\QA-Training' because it does not exist.
At line:1 char:1
+ cd C:\Users\keyur.nagvekar\OneDrive-ascendion\Documents\QA-Training
+ ~~~~~~~~~~~~~~~~~~~~~~~~~~~~~~~~~~~~~~~~~~~~~~~~~~~~~~~~~~~~~~~~~~~
    + CategoryInfo          : ObjectNotFound: (C:\Users\keyur....nts\QA-Training:String) [Set-Location], ItemNotFoundException
    + FullyQualifiedErrorId : PathNotFound,Microsoft.PowerShell.Commands.SetLocationCommand

PS C:\Users\keyur.nagvekar\OneDrive-ascendion\Desktop\automation-072025> cd C:\Users\keyur.nagvekar\OneDrive-ascendion\Documents\QA-Training
cd : Cannot find path 'C:\Users\keyur.nagvekar\OneDrive-ascendion\Documents\QA-Training' because it does not exist.
At line:1 char:1
+ cd C:\Users\keyur.nagvekar\OneDrive-ascendion\Documents\QA-Training
+ ~~~~~~~~~~~~~~~~~~~~~~~~~~~~~~~~~~~~~~~~~~~~~~~~~~~~~~~~~~~~~~~~~~~
    + CategoryInfo          : ObjectNotFound: (C:\Users\keyur....nts\QA-Training:String) [Set-Location], 
ItemNotFoundException
    + FullyQualifiedErrorId : PathNotFound,Microsoft.PowerShell.Commands.SetLocationCommand
cd : Cannot find path 'C:\Users\keyur.nagvekar\OneDrive-ascendion\Documents\QA-Training' because it does not exist.
At line:1 char:1
+ cd C:\Users\keyur.nagvekar\OneDrive-ascendion\Documents\QA-Training
+ ~~~~~~~~~~~~~~~~~~~~~~~~~~~~~~~~~~~~~~~~~~~~~~~~~~~~~~~~~~~~~~~~~~~
    + CategoryInfo          : ObjectNotFound: (C:\Users\keyur....nts\QA-Training:String) [Set-Location], ItemNotFoundException
    + FullyQualifiedErrorId : PathNotFound,Microsoft.PowerShell.Commands.SetLocationCommand

PS C:\Users\keyur.nagvekar\OneDrive-ascendion\Desktop\automation-072025> git push --set-upstream origin Keyur-branch

PS C:\Users\keyur.nagvekar\OneDrive-ascendion\Desktop\automation-072025> git rebase origin/main

PS C:\Users\keyur.nagvekar\OneDrive-ascendion\Desktop\automation-072025> git commit

PS C:\Users\keyur.nagvekar\OneDrive-ascendion\Desktop\automation-072025> git commit Keyur-base

PS C:\Users\keyur.nagvekar\OneDrive-ascendion\Desktop\automation-072025> git commit Keyur-branch

PS C:\Users\keyur.nagvekar\OneDrive-ascendion\Desktop\automation-072025> git commit 'Keyur-branch'

PS C:\Users\keyur.nagvekar\OneDrive-ascendion\Desktop\automation-072025> git commit -m "Adding first file to branch"

PS C:\Users\keyur.nagvekar\OneDrive-ascendion\Desktop\automation-072025> git commit 

PS C:\Users\keyur.nagvekar\OneDrive-ascendion\Desktop\automation-072025> git pull

PS C:\Users\keyur.nagvekar\OneDrive-ascendion\Desktop\automation-072025> git rebase origin/main

