Windows PowerShell
Copyright (C) Microsoft Corporation. All rights reserved.
                                                                                                                        Install the latest PowerShell for new features and improvements! https://aka.ms/PSWindows                                                                                                                                                       PS C:\Users\Ascendion\Downloads> Invoke-WebRequest -Uri 'https://petstore.swagger.io/v2/pet' `                          >>   -Method 'POST' `
>>   -Headers @{ 'Content-Type' = 'application/json'; 'Accept' = 'application/json' } `
>>   -InFile 'mypet.json' | Select-Object -Expand Content
{"id":123456,"category":{"id":1,"name":"testCategory"},"name":"fluffy","photoUrls":["string"],"tags":[{"id":0,"name":"tag1"}],"status":"available"}
PS C:\Users\Ascendion\Downloads> curl -Method PUT `
>>   -Uri 'https://petstore.swagger.io/v2/pet' `
>>   -Headers @{ 'Content-Type' = 'application/json'; 'Accept' = 'application/json' } `
>>   -InFile 'mypet.json'                                                                                                                                                                                                                                                                                                                                               StatusCode        : 200                                                                                                 StatusDescription : OK
Content           : {"id":123456,"category":{"id":1,"name":"testCategory"},"name":"fluffy","photoUrls":["string"],"tags
                    ":[{"id":0,"name":"tag1"}],"status":"available"}
RawContent        : HTTP/1.1 200 OK
                    Transfer-Encoding: chunked
                    Connection: keep-alive
                    Access-Control-Allow-Origin: *
                    Access-Control-Allow-Methods: GET, POST, DELETE, PUT
                    Access-Control-Allow-Headers: Content-Type, a...
Forms             : {}
Headers           : {[Transfer-Encoding, chunked], [Connection, keep-alive], [Access-Control-Allow-Origin, *],
                    [Access-Control-Allow-Methods, GET, POST, DELETE, PUT]...}
Images            : {}
InputFields       : {}
Links             : {}
ParsedHtml        : System.__ComObject
RawContentLength  : 147



PS C:\Users\Ascendion\Downloads> curl -Method GET `
>>   -Uri "https://petstore.swagger.io/v2/pet/123456" `
>>   -Headers @{ 'Accept' = 'application/json' }                                                                                                                                                                                                                                                                                                                        StatusCode        : 200                                                                                                 StatusDescription : OK
Content           : {"id":123456,"category":{"id":1,"name":"testCategory"},"name":"fluffy","photoUrls":["string"],"tags
                    ":[{"id":0,"name":"tag1"}],"status":"available"}
RawContent        : HTTP/1.1 200 OK
                    Transfer-Encoding: chunked
                    Connection: keep-alive
                    Access-Control-Allow-Origin: *
                    Access-Control-Allow-Methods: GET, POST, DELETE, PUT
                    Access-Control-Allow-Headers: Content-Type, a...
Forms             : {}
Headers           : {[Transfer-Encoding, chunked], [Connection, keep-alive], [Access-Control-Allow-Origin, *],
                    [Access-Control-Allow-Methods, GET, POST, DELETE, PUT]...}
Images            : {}
InputFields       : {}
Links             : {}
ParsedHtml        : System.__ComObject
RawContentLength  : 147



PS C:\Users\Ascendion\Downloads> curl -Method DELETE `
>>   -Uri "https://petstore.swagger.io/v2/pet/123456" `
>>   -Headers @{ 'Accept' = 'application/json' }


StatusCode        : 200
StatusDescription : OK
Content           : {"code":200,"type":"unknown","message":"123456"}
RawContent        : HTTP/1.1 200 OK
                    Transfer-Encoding: chunked
                    Connection: keep-alive
                    Access-Control-Allow-Origin: *
                    Access-Control-Allow-Methods: GET, POST, DELETE, PUT
                    Access-Control-Allow-Headers: Content-Type, a...
Forms             : {}
Headers           : {[Transfer-Encoding, chunked], [Connection, keep-alive], [Access-Control-Allow-Origin, *],
                    [Access-Control-Allow-Methods, GET, POST, DELETE, PUT]...}
Images            : {}
InputFields       : {}
Links             : {}
ParsedHtml        : System.__ComObject
RawContentLength  : 48



PS C:\Users\Ascendion\Downloads> curl -Method GET `
>>   -Uri "https://petstore.swagger.io/v2/pet/123456" `
>>   -Headers @{ 'Accept' = 'application/json' }
curl : The remote server returned an error: (404) Not Found.
At line:1 char:1
+ curl -Method GET `
+ ~~~~~~~~~~~~~~~~~~
    + CategoryInfo          : InvalidOperation: (System.Net.HttpWebRequest:HttpWebRequest) [Invoke-WebRequest], WebExc
   eption                                                                                                                   + FullyQualifiedErrorId : WebCmdletWebResponseException,Microsoft.PowerShell.Commands.InvokeWebRequestCommand                                                                                                                               PS C:\Users\Ascendion\Downloads> Invoke-WebRequest -Uri 'https://petstore.swagger.io/v2/pet' `                          >>   -Method 'POST' `
>>   -Headers @{ 'Content-Type' = 'application/json'; 'Accept' = 'application/json' } `                                 >>   -InFile "C:\Users\<YourUserName>\Downloads\mypet.json" | Select-Object -Expand Content                             Invoke-WebRequest : Cannot find path 'C:\Users\<YourUserName>\Downloads\mypet.json' because it does not exist.          At line:1 char:1                                                                                                        + Invoke-WebRequest -Uri 'https://petstore.swagger.io/v2/pet' `
+ ~~~~~~~~~~~~~~~~~~~~~~~~~~~~~~~~~~~~~~~~~~~~~~~~~~~~~~~~~~~~~
    + CategoryInfo          : ObjectNotFound: (C:\Users\<YourU...oads\mypet.json:String) [Invoke-WebRequest], ItemNotF
   oundException
    + FullyQualifiedErrorId : PathNotFound,Microsoft.PowerShell.Commands.InvokeWebRequestCommand

PS C:\Users\Ascendion\Downloads> Invoke-WebRequest -Uri 'https://petstore.swagger.io/v2/pet'
Invoke-WebRequest : unknown
At line:1 char:1
+ Invoke-WebRequest -Uri 'https://petstore.swagger.io/v2/pet'
+ ~~~~~~~~~~~~~~~~~~~~~~~~~~~~~~~~~~~~~~~~~~~~~~~~~~~~~~~~~~~
    + CategoryInfo          : InvalidOperation: (System.Net.HttpWebRequest:HttpWebRequest) [Invoke-WebRequest], WebExc
   eption                                                                                                                   + FullyQualifiedErrorId : WebCmdletWebResponseException,Microsoft.PowerShell.Commands.InvokeWebRequestCommand       PS C:\Users\Ascendion\Downloads> Invoke-WebRequest -Uri 'https://petstore.swagger.io/v2/pet' `                          >>   -Method 'POST' `                                                                                                   >>   -Headers @{ 'Content-Type' = 'application/json'; 'Accept' = 'application/json' } `
>>   -InFile "C:\Users\Ascendion\Downloads\mypet.json" | Select-Object -Expand Content
{"id":123456,"category":{"id":1,"name":"testCategory"},"name":"fluffy","photoUrls":["string"],"tags":[{"id":0,"name":"tag1"}],"status":"available"}
PS C:\Users\Ascendion\Downloads> Invoke-WebRequest -Uri "https://petstore.swagger.io/v2/pet/123456" `
>>   -Method 'GET' `
>>   -Headers @{ 'Accept' = 'application/json' } | Select-Object -Expand Content
{"id":123456,"category":{"id":1,"name":"testCategory"},"name":"fluffy","photoUrls":["string"],"tags":[{"id":0,"name":"tag1"}],"status":"available"}
PS C:\Users\Ascendion\Downloads> curl -Method GET `
>>   -Uri "https://petstore.swagger.io/v2/pet/123456" `
>>   -Headers @{ 'Accept' = 'application/json' }
curl : The remote server returned an error: (404) Not Found.
At line:1 char:1
+ curl -Method GET `
+ ~~~~~~~~~~~~~~~~~~
    + CategoryInfo          : InvalidOperation: (System.Net.HttpWebRequest:HttpWebRequest) [Invoke-WebRequest], WebExc
   eption
    + FullyQualifiedErrorId : WebCmdletWebResponseException,Microsoft.PowerShell.Commands.InvokeWebRequestCommand

PS C:\Users\Ascendion\Downloads> curl -Method GET `
>>   -Uri "https://petstore.swagger.io/v2/pet/findByStatus?status=available" `
>>   -Headers @{ 'Accept' = 'application/json' }


StatusCode        : 200
StatusDescription : OK
Content           : [{"id":9222968140497181174,"category":{"id":0,"name":"string"},"name":"fish","photoUrls":["string"]
                    ,"tags":[{"id":0,"name":"string"}],"status":"available"},{"id":9222968140497181178,"category":{"id"
                    :0...
RawContent        : HTTP/1.1 200 OK
                    Transfer-Encoding: chunked
                    Connection: keep-alive
                    Access-Control-Allow-Origin: *
                    Access-Control-Allow-Methods: GET, POST, DELETE, PUT
                    Access-Control-Allow-Headers: Content-Type, a...
Forms             : {}
Headers           : {[Transfer-Encoding, chunked], [Connection, keep-alive], [Access-Control-Allow-Origin, *],
                    [Access-Control-Allow-Methods, GET, POST, DELETE, PUT]...}
Images            : {}
InputFields       : {}
Links             : {}
ParsedHtml        : System.__ComObject
RawContentLength  : 28718

