**********************
Windows PowerShell transcript start
Start time: 20250813093449
Username: ASCENDION\gayathri.thalapathi
RunAs User: ASCENDION\gayathri.thalapathi
Configuration Name: 
Machine: ASCINLAP61373 (Microsoft Windows NT 10.0.26100.0)
Host Application: C:\Windows\System32\WindowsPowerShell\v1.0\powershell.exe
Process ID: 5664
PSVersion: 5.1.26100.4652
PSEdition: Desktop
PSCompatibleVersions: 1.0, 2.0, 3.0, 4.0, 5.0, 5.1.26100.4652
BuildVersion: 10.0.26100.4652
CLRVersion: 4.0.30319.42000
WSManStackVersion: 3.0
PSRemotingProtocolVersion: 2.3
SerializationVersion: 1.1.0.1
**********************
Transcript started, output file is C:\Users\gayathri.thalapathi\OneDrive - ascendion\Activity_completion\Restfu_transcript_final.txt
PS C:\Users\gayathri.thalapathi> curl.exe --version
curl 8.13.0 (Windows) libcurl/8.13.0 Schannel zlib/1.3.1 WinIDN
Release-Date: 2025-04-02
Protocols: dict file ftp ftps http https imap imaps ipfs ipns mqtt pop3 pop3s smb smbs smtp smtps telnet tftp ws wss
Features: alt-svc AsynchDNS HSTS HTTPS-proxy IDN IPv6 Kerberos Largefile libz NTLM SPNEGO SSL SSPI threadsafe Unicode UnixSockets
PS C:\Users\gayathri.thalapathi> curl.exe -i -X POST https://restful-booker.herokuapp.com/auth -H "Content-Type: application/json" -d '{\"username\":\"admin\",\"password\":\"password123\"}'
HTTP/1.1 200 OK
Content-Length: 27
Content-Type: application/json; charset=utf-8
Date: Wed, 13 Aug 2025 04:08:56 GMT
Etag: W/"1b-PPDIrhON9ezQL98rfPylScX20gM"
Nel: {"report_to":"heroku-nel","response_headers":["Via"],"max_age":3600,"success_fraction":0.01,"failure_fraction":0.1}
Report-To: {"group":"heroku-nel","endpoints":[{"url":"https://nel.heroku.com/reports?s=tfwBkv2d98w6MfHLH4YS3AFgRdH3xJsg210hvOq8WN8%3D
\u0026sid=c46efe9b-d3d2-4a0c-8c76-bfafa16c5add\u0026ts=1755058136"}],"max_age":3600}
Reporting-Endpoints: heroku-nel="https://nel.heroku.com/reports?s=tfwBkv2d98w6MfHLH4YS3AFgRdH3xJsg210hvOq8WN8%3D&sid=c46efe9b-d3d2-4a
0c-8c76-bfafa16c5add&ts=1755058136"
Server: Heroku
Via: 1.1 heroku-router
X-Powered-By: Express

{"token":"c3441c519a5ce6a"}
PS C:\Users\gayathri.thalapathi>  curl.exe -i -X GET https://restful-booker.herokuapp.com/booking
bookingid":2179},{"bookingid":960},{"bookingid":3129},{"bookingid":2383},{"bookingid":2541},{"bookingid":2629},{"bookingid":3297},{"b
ookingid":2776},{"bookingid":3177},{"bookingid":2835},{"bookingid":3014},{"bookingid":1751},{"bookingid":1353},{"bookingid":1757},{"b
ookingid":128},{"bookingid":559},{"bookingid":522},{"bookingid":1007},{"bookingid":3849},{"bookingid":56},{"bookingid":884},{"booking
id":2656},{"bookingid":543},{"bookingid":1505},{"bookingid":632},{"bookingid":1150},{"bookingid":3431},{"bookingid":4406},{"bookingid
":4120},{"bookingid":1854},{"bookingid":1770},{"bookingid":2728},{"bookingid":3077},{"bookingid":642},{"bookingid":3766},{"bookingid"
:2289},{"bookingid":510},{"bookingid":1830},{"bookingid":552}]
PS C:\Users\gayathri.thalapathi> curl.exe -i -X GET "https://restful-booker.herokuapp.com/booking/1"
1-01"},"additionalneeds":"Breakfast"}
PS C:\Users\gayathri.thalapathi> curl.exe -i -X GET "https://restful-booker.herokuapp.com/booking/10"
2-06-28"}}
PS C:\Users\gayathri.thalapathi> curl.exe -i -X GET "https://restful-booker.herokuapp.com/booking/27"
1"},"additionalneeds":"Extra pillows please"}
PS C:\Users\gayathri.thalapathi> curl.exe -i -X GET "https://restful-booker.herokuapp.com/booking/50"
Not Found
PS C:\Users\gayathri.thalapathi>  curl.exe -i -X POST https://restful-booker.herokuapp.com/booking -H "Content-Type: application/json" -d '{\"firstname\":\"Jim\",\"lastname\":\"Brown\",\"totalprice\":111,\"depositpaid\":true,\"bookingdates\":{\"checkin\":\"2018-01-01\",\"checkout\":\"2019-01-01\"},\"additionalneeds\":\"Breakfast\"}'
01-01","checkout":"2019-01-01"},"additionalneeds":"Breakfast"}}
PS C:\Users\gayathri.thalapathi> curl.exe -i -X PUT https://restful-booker.herokuapp.com/booking/1 -H "Content-Type: application/json"  -H "Accept: application/json" -H "Authorization: Basic YWRtaW46cGFzc3dvcmQxMjM=" -d '{\"firstname\":\"James\",\"lastname\":\"Brown\",\"totalprice\":111,\"depositpaid\":true,\"bookingdates\":{\"checkin\":\"2018-01-01\",\"checkout\":\"2019-01-01\"},\"additionalneeds\":\"Breakfast\"}'
1-01"},"additionalneeds":"Breakfast"}
PS C:\Users\gayathri.thalapathi> curl.exe -i -X PATCH https://restful-booker.herokuapp.com/booking/1 -H "Content-Type: application/json" -H "Accept: application/json" -H "Cookie: token=c3441c519a5ce6a" -d '{\"firstname\":\"James\",\"lastname\":\"Brown\"}'
X-Powered-By: Express

Forbidden
PS C:\Users\gayathri.thalapathi> curl.exe -i -X PATCH "https://restful-booker.herokuapp.com/booking/1" `
  -H "Content-Type: application/json" `
  -H "Accept: application/json" `
  -H "Authorization: Basic YWRtaW46cGFzc3dvcmQxMjM=" `
  -d '{\"firstname\":\"James\",\"lastname\":\"Brown\"}'
11-28"}}
PS C:\Users\gayathri.thalapathi> curl.exe -i -X DELETE https://restful-booker.herokuapp.com/booking/1 -H "Content-Type: application/json" -H "Authorization: Basic YWRtaW46cGFzc3dvcmQxMjM="
Created
PS C:\Users\gayathri.thalapathi> curl.exe -i https://restful-booker.herokuapp.com/ping
Created
PS C:\Users\gayathri.thalapathi> curl -X PUT \
PS C:\Users\gayathri.thalapathi> TerminatingError(Invoke-WebRequest): "A parameter cannot be found that matches parameter name 'X'."
Invoke-WebRequest : A parameter cannot be found that matches parameter name 'X'.
At line:1 char:6
+ curl -X PUT \
+      ~~
    + CategoryInfo          : InvalidArgument: (:) [Invoke-WebRequest], ParameterBindingException
    + FullyQualifiedErrorId : NamedParameterNotFound,Microsoft.PowerShell.Commands.InvokeWebRequestCommand
Invoke-WebRequest : A parameter cannot be found that matches parameter name 'X'.
At line:1 char:6
+ curl -X PUT \
+      ~~
    + CategoryInfo          : InvalidArgument: (:) [Invoke-WebRequest], ParameterBindingException
    + FullyQualifiedErrorId : NamedParameterNotFound,Microsoft.PowerShell.Commands.InvokeWebRequestCommand

PS C:\Users\gayathri.thalapathi>   https://restful-booker.herokuapp.com/booking/1 \
https://restful-booker.herokuapp.com/booking/1 : The term 'https://restful-booker.herokuapp.com/booking/1' is not 
recognized as the name of a cmdlet, function, script file, or operable program. Check the spelling of the name, or if a 
path was included, verify that the path is correct and try again.
At line:1 char:3
+   https://restful-booker.herokuapp.com/booking/1 \
+   ~~~~~~~~~~~~~~~~~~~~~~~~~~~~~~~~~~~~~~~~~~~~~~
    + CategoryInfo          : ObjectNotFound: (https://restful...p.com/booking/1:String) [], CommandNotFoundException
    + FullyQualifiedErrorId : CommandNotFoundException
https://restful-booker.herokuapp.com/booking/1 : The term 'https://restful-booker.herokuapp.com/booking/1' is not recognized as the
name of a cmdlet, function, script file, or operable program. Check the spelling of the name, or if a path was included, verify
that the path is correct and try again.
At line:1 char:3
+   https://restful-booker.herokuapp.com/booking/1 \
+   ~~~~~~~~~~~~~~~~~~~~~~~~~~~~~~~~~~~~~~~~~~~~~~
    + CategoryInfo          : ObjectNotFound: (https://restful...p.com/booking/1:String) [], CommandNotFoundException
    + FullyQualifiedErrorId : CommandNotFoundException

PS C:\Users\gayathri.thalapathi>   -H 'Content-Type: application/json' \
-H : The term '-H' is not recognized as the name of a cmdlet, function, script file, or operable program. Check the 
spelling of the name, or if a path was included, verify that the path is correct and try again.
At line:1 char:3
+   -H 'Content-Type: application/json' \
+   ~~
    + CategoryInfo          : ObjectNotFound: (-H:String) [], CommandNotFoundException
    + FullyQualifiedErrorId : CommandNotFoundException
-H : The term '-H' is not recognized as the name of a cmdlet, function, script file, or operable program. Check the spelling of the
name, or if a path was included, verify that the path is correct and try again.
At line:1 char:3
+   -H 'Content-Type: application/json' \
+   ~~
    + CategoryInfo          : ObjectNotFound: (-H:String) [], CommandNotFoundException
    + FullyQualifiedErrorId : CommandNotFoundException

PS C:\Users\gayathri.thalapathi>   -H 'Accept: application/json' \
-H : The term '-H' is not recognized as the name of a cmdlet, function, script file, or operable program. Check the 
spelling of the name, or if a path was included, verify that the path is correct and try again.
At line:1 char:3
+   -H 'Accept: application/json' \
+   ~~
    + CategoryInfo          : ObjectNotFound: (-H:String) [], CommandNotFoundException
    + FullyQualifiedErrorId : CommandNotFoundException
-H : The term '-H' is not recognized as the name of a cmdlet, function, script file, or operable program. Check the spelling of the
name, or if a path was included, verify that the path is correct and try again.
At line:1 char:3
+   -H 'Accept: application/json' \
+   ~~
    + CategoryInfo          : ObjectNotFound: (-H:String) [], CommandNotFoundException
    + FullyQualifiedErrorId : CommandNotFoundException

PS C:\Users\gayathri.thalapathi>   -H 'Cookie: token=abc123' \
-H : The term '-H' is not recognized as the name of a cmdlet, function, script file, or operable program. Check the 
spelling of the name, or if a path was included, verify that the path is correct and try again.
At line:1 char:3
+   -H 'Cookie: token=abc123' \
+   ~~
    + CategoryInfo          : ObjectNotFound: (-H:String) [], CommandNotFoundException
    + FullyQualifiedErrorId : CommandNotFoundException
-H : The term '-H' is not recognized as the name of a cmdlet, function, script file, or operable program. Check the spelling of the
name, or if a path was included, verify that the path is correct and try again.
At line:1 char:3
+   -H 'Cookie: token=abc123' \
+   ~~
    + CategoryInfo          : ObjectNotFound: (-H:String) [], CommandNotFoundException
    + FullyQualifiedErrorId : CommandNotFoundException

PS C:\Users\gayathri.thalapathi>   -d '{
    "firstname" : "James",
    "lastname" : "Brown"
}'
-d : The term '-d' is not recognized as the name of a cmdlet, function, script file, or operable program. Check the 
spelling of the name, or if a path was included, verify that the path is correct and try again.
At line:1 char:3
+   -d '{
+   ~~
    + CategoryInfo          : ObjectNotFound: (-d:String) [], CommandNotFoundException
    + FullyQualifiedErrorId : CommandNotFoundException
-d : The term '-d' is not recognized as the name of a cmdlet, function, script file, or operable program. Check the spelling of the
name, or if a path was included, verify that the path is correct and try again.
At line:1 char:3
+   -d '{
+   ~~
    + CategoryInfo          : ObjectNotFound: (-d:String) [], CommandNotFoundException
    + FullyQualifiedErrorId : CommandNotFoundException

PS C:\Users\gayathri.thalapathi> curl.exe -i -X PATCH https://restful-booker.herokuapp.com/booking/1 -H "Content-Type: application/json" -H "Accept: application/json" -H "Cookie: token=c3441c519a5ce6a" -d '{\"firstname\":\"James\",\"lastname\":\"Brown\"}'

Forbidden
PS C:\Users\gayathri.thalapathi> Stop-Transcript
**********************
Windows PowerShell transcript end
End time: 20250813101607
**********************
