**********************
Windows PowerShell transcript start
Start time: 20250702104257
Username: ASCENDION\siva.sree
RunAs User: ASCENDION\siva.sree
Configuration Name: 
Machine: ASCINLAP61370 (Microsoft Windows NT 10.0.26100.0)
Host Application: C:\Windows\System32\WindowsPowerShell\v1.0\powershell.exe
Process ID: 20020
PSVersion: 5.1.26100.1150
PSEdition: Desktop
PSCompatibleVersions: 1.0, 2.0, 3.0, 4.0, 5.0, 5.1.26100.1150
BuildVersion: 10.0.26100.1150
CLRVersion: 4.0.30319.42000
WSManStackVersion: 3.0
PSRemotingProtocolVersion: 2.3
SerializationVersion: 1.1.0.1
**********************
Transcript started, output file is C:\training\siva sree.txt
PS C:\Users\siva.sree> 3.1.CompareTo(New-Item -Path C:\training -Name ‘QA-Training’ -ItemType Directory
At line:1 char:15
+ 3.1.CompareTo(New-Item -Path C:\training -Name ‘QA-Training’ -ItemTyp ...
+               ~
Missing ')' in method call.

At line:1 char:15
+ 3.1.CompareTo(New-Item -Path C:\training -Name ‘QA-Training’ -ItemTyp ...
+               ~~~~~~~~
Unexpected token 'New-Item' in expression or statement.
At line:1 char:15
+ 3.1.CompareTo(New-Item -Path C:\training -Name ‘QA-Training’ -ItemTyp ...
+               ~
Missing ')' in method call.

At line:1 char:15
+ 3.1.CompareTo(New-Item -Path C:\training -Name ‘QA-Training’ -ItemTyp ...
+               ~~~~~~~~
Unexpected token 'New-Item' in expression or statement.
    + CategoryInfo          : ParserError: (:) [], ParentContainsErrorRecordException
    + FullyQualifiedErrorId : MissingEndParenthesisInMethodCall

PS C:\Users\siva.sree> New-Item -Path C:\training -Name 'QA-Training' -ItemType Directory


    Directory: C:\training


Mode                 LastWriteTime         Length Name
----                 -------------         ------ ----
d-----        02-07-2025     10:48                QA-Training


PS C:\Users\siva.sree> Set-Location C:\training\QA-Training 
PS C:\training\QA-Training> git --version
git : The term 'git' is not recognized as the name of a cmdlet, function, script file, or operable program. Check the 
spelling of the name, or if a path was included, verify that the path is correct and try again.
At line:1 char:1
+ git --version
+ ~~~
    + CategoryInfo          : ObjectNotFound: (git:String) [], CommandNotFoundException
    + FullyQualifiedErrorId : CommandNotFoundException
git : The term 'git' is not recognized as the name of a cmdlet, function, script file, or operable program. Check the spelling of
the name, or if a path was included, verify that the path is correct and try again.
At line:1 char:1
+ git --version
+ ~~~
    + CategoryInfo          : ObjectNotFound: (git:String) [], CommandNotFoundException
    + FullyQualifiedErrorId : CommandNotFoundException

PS C:\training\QA-Training> 4.2.CompareTo(Invoke-WebRequest -Uri https://github.com/git-for-windows/git/releases/download/v2.44.0.windows.1/Git-2.44.0-64-bit.exe -OutFile git-installer.exe 
At line:1 char:15
+ 4.2.CompareTo(Invoke-WebRequest -Uri https://github.com/git-for-windo ...
+               ~
Missing ')' in method call.

At line:1 char:15
+ 4.2.CompareTo(Invoke-WebRequest -Uri https://github.com/git-for-windo ...
+               ~~~~~~~~~~~~~~~~~
Unexpected token 'Invoke-WebRequest' in expression or statement.
At line:1 char:15
+ 4.2.CompareTo(Invoke-WebRequest -Uri https://github.com/git-for-windo ...
+               ~
Missing ')' in method call.

At line:1 char:15
+ 4.2.CompareTo(Invoke-WebRequest -Uri https://github.com/git-for-windo ...
+               ~~~~~~~~~~~~~~~~~
Unexpected token 'Invoke-WebRequest' in expression or statement.
    + CategoryInfo          : ParserError: (:) [], ParentContainsErrorRecordException
    + FullyQualifiedErrorId : MissingEndParenthesisInMethodCall

PS C:\training\QA-Training> Invoke-WebRequest -Uri https://github.com/git-for-windows/git/releases/download/v2.44.0.windows.1/Git-2.44.0-64-bit.exe -OutFile git-installer.exe 
PS C:\training\QA-Training> .\git-installer.exe /VERYSILENT /NORESTART
PS C:\training\QA-Training> git –-version
git : The term 'git' is not recognized as the name of a cmdlet, function, script file, or operable program. Check the 
spelling of the name, or if a path was included, verify that the path is correct and try again.
At line:1 char:1
+ git –-version
+ ~~~
    + CategoryInfo          : ObjectNotFound: (git:String) [], CommandNotFoundException
    + FullyQualifiedErrorId : CommandNotFoundException
git : The term 'git' is not recognized as the name of a cmdlet, function, script file, or operable program. Check the spelling of
the name, or if a path was included, verify that the path is correct and try again.
At line:1 char:1
+ git –-version
+ ~~~
    + CategoryInfo          : ObjectNotFound: (git:String) [], CommandNotFoundException
    + FullyQualifiedErrorId : CommandNotFoundException

PS C:\training\QA-Training> git --version
git : The term 'git' is not recognized as the name of a cmdlet, function, script file, or operable program. Check the 
spelling of the name, or if a path was included, verify that the path is correct and try again.
At line:1 char:1
+ git --version
+ ~~~
    + CategoryInfo          : ObjectNotFound: (git:String) [], CommandNotFoundException
    + FullyQualifiedErrorId : CommandNotFoundException
git : The term 'git' is not recognized as the name of a cmdlet, function, script file, or operable program. Check the spelling of
the name, or if a path was included, verify that the path is correct and try again.
At line:1 char:1
+ git --version
+ ~~~
    + CategoryInfo          : ObjectNotFound: (git:String) [], CommandNotFoundException
    + FullyQualifiedErrorId : CommandNotFoundException

